Your environment has been set up for using Node.js 7.2.1 (x64) and npm.

C:\Windows\System32>cd/

C:\>cd C:\sahitya\angular2-qucikstart-master

C:\sahitya\angular2-qucikstart-master>npm install
npm WARN enoent ENOENT: no such file or directory, open 'C:\sahitya\package.json
'
npm WARN sahitya No description
npm WARN sahitya No repository field.
npm WARN sahitya No README data
npm WARN sahitya No license field.

C:\sahitya\angular2-qucikstart-master>cd C:\sahitya\angular2-qucikstart-master\a
ngular2-qucikstart-master

C:\sahitya\angular2-qucikstart-master\angular2-qucikstart-master>npm install
npm ERR! Windows_NT 6.1.7601
npm ERR! argv "C:\\sahitya\\node.exe" "C:\\sahitya\\node_modules\\npm\\bin\\npm-
cli.js" "install"
npm ERR! node v7.2.1
npm ERR! npm  v3.10.10
npm ERR! code ECONNREFUSED
npm ERR! errno ECONNREFUSED
npm ERR! syscall connect

npm ERR! Error: connect ECONNREFUSED 151.101.16.162:80
npm ERR!     at Object.exports._errnoException (util.js:1022:11)
npm ERR!     at exports._exceptionWithHostPort (util.js:1045:20)
npm ERR!     at TCPConnectWrap.afterConnect [as oncomplete] (net.js:1090:14)
npm ERR!  { Error: connect ECONNREFUSED 151.101.16.162:80
npm ERR!     at Object.exports._errnoException (util.js:1022:11)
npm ERR!     at exports._exceptionWithHostPort (util.js:1045:20)
npm ERR!     at TCPConnectWrap.afterConnect [as oncomplete] (net.js:1090:14)
npm ERR!   code: 'ECONNREFUSED',
npm ERR!   errno: 'ECONNREFUSED',
npm ERR!   syscall: 'connect',
npm ERR!   address: '151.101.16.162',
npm ERR!   port: 80,
npm ERR!   parent: 'angular-quickstart' }
npm ERR!
npm ERR! If you are behind a proxy, please make sure that the
npm ERR! 'proxy' config is set properly.  See: 'npm help config'

npm ERR! Please include the following file with any support request:
npm ERR!     C:\sahitya\angular2-qucikstart-master\angular2-qucikstart-master\np
m-debug.log

C:\sahitya\angular2-qucikstart-master\angular2-qucikstart-master>
